src/modules/inventory/inventory.controller.spec.ts(1,37): error TS2307: Cannot find module '@nestjs/testing' or its corresponding type declarations.
src/modules/inventory/inventory.controller.spec.ts(4,1): error TS2582: Cannot find name 'describe'. Do you need to install type definitions for a test runner? Try `npm i --save-dev @types/jest` or `npm i --save-dev @types/mocha`.
src/modules/inventory/inventory.controller.spec.ts(7,3): error TS2304: Cannot find name 'beforeEach'.
src/modules/inventory/inventory.controller.spec.ts(15,3): error TS2582: Cannot find name 'it'. Do you need to install type definitions for a test runner? Try `npm i --save-dev @types/jest` or `npm i --save-dev @types/mocha`.
src/modules/inventory/inventory.controller.spec.ts(16,5): error TS2304: Cannot find name 'expect'.
src/modules/inventory/inventory.service.spec.ts(1,37): error TS2307: Cannot find module '@nestjs/testing' or its corresponding type declarations.
src/modules/inventory/inventory.service.spec.ts(4,1): error TS2582: Cannot find name 'describe'. Do you need to install type definitions for a test runner? Try `npm i --save-dev @types/jest` or `npm i --save-dev @types/mocha`.
src/modules/inventory/inventory.service.spec.ts(7,3): error TS2304: Cannot find name 'beforeEach'.
src/modules/inventory/inventory.service.spec.ts(15,3): error TS2582: Cannot find name 'it'. Do you need to install type definitions for a test runner? Try `npm i --save-dev @types/jest` or `npm i --save-dev @types/mocha`.
src/modules/inventory/inventory.service.spec.ts(16,5): error TS2304: Cannot find name 'expect'.
src/modules/scan/scan.controller.spec.ts(1,37): error TS2307: Cannot find module '@nestjs/testing' or its corresponding type declarations.
src/modules/scan/scan.controller.spec.ts(4,1): error TS2582: Cannot find name 'describe'. Do you need to install type definitions for a test runner? Try `npm i --save-dev @types/jest` or `npm i --save-dev @types/mocha`.
src/modules/scan/scan.controller.spec.ts(7,3): error TS2304: Cannot find name 'beforeEach'.
src/modules/scan/scan.controller.spec.ts(15,3): error TS2582: Cannot find name 'it'. Do you need to install type definitions for a test runner? Try `npm i --save-dev @types/jest` or `npm i --save-dev @types/mocha`.
src/modules/scan/scan.controller.spec.ts(16,5): error TS2304: Cannot find name 'expect'.
src/modules/scan/scan.service.spec.ts(1,37): error TS2307: Cannot find module '@nestjs/testing' or its corresponding type declarations.
src/modules/scan/scan.service.spec.ts(4,1): error TS2582: Cannot find name 'describe'. Do you need to install type definitions for a test runner? Try `npm i --save-dev @types/jest` or `npm i --save-dev @types/mocha`.
src/modules/scan/scan.service.spec.ts(7,3): error TS2304: Cannot find name 'beforeEach'.
src/modules/scan/scan.service.spec.ts(15,3): error TS2582: Cannot find name 'it'. Do you need to install type definitions for a test runner? Try `npm i --save-dev @types/jest` or `npm i --save-dev @types/mocha`.
src/modules/scan/scan.service.spec.ts(16,5): error TS2304: Cannot find name 'expect'.
src/modules/warehouse/warehouse.controller.spec.ts(1,37): error TS2307: Cannot find module '@nestjs/testing' or its corresponding type declarations.
src/modules/warehouse/warehouse.controller.spec.ts(4,1): error TS2582: Cannot find name 'describe'. Do you need to install type definitions for a test runner? Try `npm i --save-dev @types/jest` or `npm i --save-dev @types/mocha`.
src/modules/warehouse/warehouse.controller.spec.ts(7,3): error TS2304: Cannot find name 'beforeEach'.
src/modules/warehouse/warehouse.controller.spec.ts(15,3): error TS2582: Cannot find name 'it'. Do you need to install type definitions for a test runner? Try `npm i --save-dev @types/jest` or `npm i --save-dev @types/mocha`.
src/modules/warehouse/warehouse.controller.spec.ts(16,5): error TS2304: Cannot find name 'expect'.
src/modules/warehouse/warehouse.service.spec.ts(1,37): error TS2307: Cannot find module '@nestjs/testing' or its corresponding type declarations.
src/modules/warehouse/warehouse.service.spec.ts(4,1): error TS2582: Cannot find name 'describe'. Do you need to install type definitions for a test runner? Try `npm i --save-dev @types/jest` or `npm i --save-dev @types/mocha`.
src/modules/warehouse/warehouse.service.spec.ts(7,3): error TS2304: Cannot find name 'beforeEach'.
src/modules/warehouse/warehouse.service.spec.ts(15,3): error TS2582: Cannot find name 'it'. Do you need to install type definitions for a test runner? Try `npm i --save-dev @types/jest` or `npm i --save-dev @types/mocha`.
src/modules/warehouse/warehouse.service.spec.ts(16,5): error TS2304: Cannot find name 'expect'.
src/modules/waybill/waybill.controller.spec.ts(1,37): error TS2307: Cannot find module '@nestjs/testing' or its corresponding type declarations.
src/modules/waybill/waybill.controller.spec.ts(4,1): error TS2582: Cannot find name 'describe'. Do you need to install type definitions for a test runner? Try `npm i --save-dev @types/jest` or `npm i --save-dev @types/mocha`.
src/modules/waybill/waybill.controller.spec.ts(7,3): error TS2304: Cannot find name 'beforeEach'.
src/modules/waybill/waybill.controller.spec.ts(15,3): error TS2582: Cannot find name 'it'. Do you need to install type definitions for a test runner? Try `npm i --save-dev @types/jest` or `npm i --save-dev @types/mocha`.
src/modules/waybill/waybill.controller.spec.ts(16,5): error TS2304: Cannot find name 'expect'.
src/modules/waybill/waybill.service.spec.ts(1,37): error TS2307: Cannot find module '@nestjs/testing' or its corresponding type declarations.
src/modules/waybill/waybill.service.spec.ts(4,1): error TS2582: Cannot find name 'describe'. Do you need to install type definitions for a test runner? Try `npm i --save-dev @types/jest` or `npm i --save-dev @types/mocha`.
src/modules/waybill/waybill.service.spec.ts(7,3): error TS2304: Cannot find name 'beforeEach'.
src/modules/waybill/waybill.service.spec.ts(15,3): error TS2582: Cannot find name 'it'. Do you need to install type definitions for a test runner? Try `npm i --save-dev @types/jest` or `npm i --save-dev @types/mocha`.
src/modules/waybill/waybill.service.spec.ts(16,5): error TS2304: Cannot find name 'expect'.
