src/modules/alerts/alerts.module.ts(2,31): error TS2306: File 'C:/Users/Abcom/Desktop/Zito/backend/src/modules/alerts/alerts.service.ts' is not a module.
src/modules/alerts/alerts.module.ts(4,34): error TS2307: Cannot find module './alerts.controller' or its corresponding type declarations.
src/modules/audit/audit.service.ts(3,10): error TS2305: Module '"@prisma/client"' has no exported member 'Role'.
src/modules/audit/audit.service.ts(25,11): error TS2353: Object literal may only specify known properties, and 'oldValue' does not exist in type '(Without<AuditLogCreateInput, AuditLogUncheckedCreateInput> & AuditLogUncheckedCreateInput) | (Without<...> & AuditLogCreateInput)'.
src/modules/audit/compliance.service.ts(2,31): error TS2307: Cannot find module '../prisma/prisma.service' or its corresponding type declarations.
src/modules/audit/compliance.worker.ts(4,35): error TS2307: Cannot find module '../services/compliance.service' or its corresponding type declarations.
src/modules/audit/jobs.module.ts(5,35): error TS2307: Cannot find module '../services/compliance.service' or its corresponding type declarations.
src/modules/bookings/bookings.service.ts(15,9): error TS2322: Type '"CREATED"' is not assignable to type 'BookingStatus'.
src/modules/fleet/fleet.service.ts(26,15): error TS2353: Object literal may only specify known properties, and 'currentLatitude' does not exist in type '(Without<VehicleUpdateInput, VehicleUncheckedUpdateInput> & VehicleUncheckedUpdateInput) | (Without<...> & VehicleUpdateInput)'.
src/modules/fleet/fleet.service.ts(34,9): error TS2353: Object literal may only specify known properties, and 'details' does not exist in type '(Without<VehicleBreakdownCreateInput, VehicleBreakdownUncheckedCreateInput> & VehicleBreakdownUncheckedCreateInput) | (Without<...> & VehicleBreakdownCreateInput)'.
src/modules/loss-detection/loss-detection.module.ts(2,38): error TS2306: File 'C:/Users/Abcom/Desktop/Zito/backend/src/modules/loss-detection/loss-detection.service.ts' is not a module.
src/modules/loss-detection/loss-detection.module.ts(3,41): error TS2307: Cannot find module './loss-detection.controller' or its corresponding type declarations.
src/modules/notifications/notifications.service.ts(15,9): error TS2353: Object literal may only specify known properties, and 'type' does not exist in type '(Without<NotificationCreateInput, NotificationUncheckedCreateInput> & NotificationUncheckedCreateInput) | (Without<...> & NotificationCreateInput)'.
src/modules/notifications/notifications.service.ts(23,24): error TS2353: Object literal may only specify known properties, and 'isRead' does not exist in type 'NotificationWhereInput'.
src/modules/payments/payments.service.ts(33,15): error TS2322: Type '"COMPLETED"' is not assignable to type 'PaymentStatus | EnumPaymentStatusFieldUpdateOperationsInput'.
src/modules/staff/staff.service.ts(16,18): error TS2353: Object literal may only specify known properties, and 'user' does not exist in type 'StaffInclude<DefaultArgs>'.
src/modules/support/support.service.ts(13,9): error TS2353: Object literal may only specify known properties, and 'customerId' does not exist in type '(Without<SupportTicketCreateInput, SupportTicketUncheckedCreateInput> & SupportTicketUncheckedCreateInput) | (Without<...> & SupportTicketCreateInput)'.
src/modules/support/support.service.ts(21,18): error TS2353: Object literal may only specify known properties, and 'customer' does not exist in type 'SupportTicketInclude<DefaultArgs>'.
src/modules/tracking/tracking.gateway.spec.ts(1,37): error TS2307: Cannot find module '@nestjs/testing' or its corresponding type declarations.
src/modules/tracking/tracking.gateway.spec.ts(4,1): error TS2582: Cannot find name 'describe'. Do you need to install type definitions for a test runner? Try `npm i --save-dev @types/jest` or `npm i --save-dev @types/mocha`.
src/modules/tracking/tracking.gateway.spec.ts(7,3): error TS2304: Cannot find name 'beforeEach'.
src/modules/tracking/tracking.gateway.spec.ts(15,3): error TS2582: Cannot find name 'it'. Do you need to install type definitions for a test runner? Try `npm i --save-dev @types/jest` or `npm i --save-dev @types/mocha`.
src/modules/tracking/tracking.gateway.spec.ts(16,5): error TS2304: Cannot find name 'expect'.
src/modules/tracking/tracking.gateway.ts(1,82): error TS2307: Cannot find module '@nestjs/websockets' or its corresponding type declarations.
src/utils/alerts.service.ts(2,31): error TS2307: Cannot find module '../../prisma/prisma.service' or its corresponding type declarations.
src/utils/loss-detection.service.ts(2,31): error TS2307: Cannot find module '../../prisma/prisma.service' or its corresponding type declarations.
src/utils/loss-detection.service.ts(3,31): error TS2307: Cannot find module '../alerts/alerts.service' or its corresponding type declarations.
